
===== node syntax =====
command: node --check app.js
exit_status=0

===== UI contract =====
command: node test/ui-contract.test.js
node:internal/modules/run_main:107
    triggerUncaughtException(
    ^

AssertionError [ERR_ASSERTION]: The input did not match the regular expression /The machine is already in the records/. Input:

'<!doctype html>\n' +
  '<html lang="en">\n' +
  '<head>\n' +
  '  <meta charset="utf-8">\n' +
  '  <meta name="viewport" content="width=device-width, initial-scale=1">\n' +
  '  <meta name="description" content="Check the shortest defensible actor-to-actor route through shared bounded surfaces, with receipts and refused connections.">\n' +
  '  <meta name="theme-color" content="#faf6ec">\n' +
  '  <meta property="og:type" content="website">\n' +
  '  <meta property="og:site_name" content="The Clifford Number">\n' +
  '  <meta property="og:title" content="The Clifford Number — shortest defensible actor routes, with receipts">\n' +
  '  <meta property="og:description" content="Ask how two public actors are connected as of a date, inspect every surface and receipt, and see the connections the compiler refused.">\n' +
  '  <meta property="og:url" content="https://bigbirdreturns.github.io/clifford-number/">\n' +
  '  <meta property="og:image" content="https://bigbirdreturns.github.io/clifford-number/assets/social-card.png">\n' +
  '  <meta property="og:image:type" content="image/png">\n' +
  '  <meta property="og:image:width" content="1200">\n' +
  '  <meta property="og:image:height" content="630">\n' +
  '  <meta property="og:image:alt" content="The Clifford Number — actor routes you can check. Inferences we won’t make.">\n' +
  '  <meta name="twitter:card" content="summary_large_image">\n' +
  '  <link rel="canonical" href="https://bigbirdreturns.github.io/clifford-number/">\n' +
  '  <link rel="icon" href="assets/favicon.svg" type="image/svg+xml">\n' +
  '  <title>The Clifford Number — shortest defensible actor routes</title>\n' +
  '  <script>\n' +
  '    (() => {\n' +
  '      try {\n' +
  '        const root = document.documentElement;\n' +
  "        const saved = localStorage.getItem('clifford-preferences');\n" +
  '        const prefs = saved ? JSON.parse(saved) : {};\n' +
  "        const legacyTheme = localStorage.getItem('theme');\n" +
  "        const choice = ['system', 'light', 'dark'].includes(prefs.theme) ? prefs.theme : (['light', 'dark'].includes(legacyTheme) ? legacyTheme : 'light');\n" +
  "        const actual = choice === 'system' ? (matchMedia('(prefers-color-scheme: dark)').matches ? 'dark' : 'light') : choice;\n" +
  '        root.dataset.theme = actual;\n' +
  '        root.dataset.themeChoice = choice;\n' +
  "        root.dataset.reading = prefs.reading === 'large' ? 'large' : 'standard';\n" +
  "        root.dataset.density = prefs.density === 'compact' ? 'compact' : 'comfortable';\n" +
  "        root.dataset.contrast = prefs.contrast === 'high' ? 'high' : 'standard';\n" +
  "        root.lang = ['en', 'es', 'fr'].includes(prefs.language) ? prefs.language : 'en';\n" +
  '      } catch {}\n' +
  '    })();\n' +
  '  </script>\n' +
  '  <link rel="preconnect" href="https://fonts.googleapis.com">\n' +
  '  <link rel="preconnect" href="https://fonts.gstatic.com" crossorigin>\n' +
  '  <link href="https://fonts.googleapis.com/css2?family=Atkinson+Hyperlegible:wght@400;700&family=Bitter:ital,wght@0,400;0,500;0,600;0,700;1,400&family=IBM+Plex+Mono:wght@400;500;600;700&display=swap" rel="stylesheet">\n' +
  '  <link rel="stylesheet" href="styles.css?v=20260718-atlas">\n' +
  '</head>\n' +
  '<body>\n' +
  '  <a class="skip-link" href="#main-content" data-i18n="skip">Skip to the explorer</a>\n' +
  '\n' +
  '  <header class="site-header">\n' +
  '    <div class="topbar shell-wide">\n' +
  '      <a class="brand" href="#" aria-label="The Clifford Number, home">\n' +
  '        <span class="brand-mark" aria-hidden="true">CN</span>\n' +
  '        <span class="brand-name">The Clifford Number</span>\n' +
  '      </a>\n' +
  '      <div class="topbar-actions">\n' +
  '        <span class="release-status"><span class="status-pulse" aria-hidden="true"></span><span data-i18n="status">Public research instrument</span></span>\n' +
  '        <a href="#research-tracks">Research</a>\n' +
  '        <a href="estates/">Estates</a>\n' +
  '        <a href="gametrails/">Game trails</a>\n' +
  '        <a href="#explorer">Explore</a>\n' +
  '        <a href="#desk">Check a connection</a>\n' +
  '        <a href="#method/overview" data-i18n="method">Method</a>\n' +
  '        <a href="#receipts/all">Evidence</a>\n' +
  '        <details class="preferences-menu" id="preferences-menu">\n' +
  '          <summary><span aria-hidden="true">Aa</span><span data-i18n="view">View</span></summary>\n' +
  '          <div class="preferences-panel" role="group" aria-labelledby="preferences-title">\n' +
  '            <strong id="preferences-title" data-i18n="preferences">Display &amp; language</strong>\n' +
  '            <label><span data-i18n="theme">Theme</span>\n' +
  '              <select id="theme-select">\n' +
  '                <option value="system" data-i18n="themeSystem">System</option>\n' +
  '                <option value="light" data-i18n="themeLight">Light</option>\n' +
  '                <option value="dark" data-i18n="themeDark">Dark</option>\n' +
  '              </select>\n' +
  '            </label>\n' +
  '            <label><span data-i18n="language">Language</span>\n' +
  '              <select id="language-select">\n' +
  '                <option value="en">English</option>\n' +
  '                <option value="es">Español</option>\n' +
  '                <option value="fr">Français</option>\n' +
  '              </select>\n' +
  '            </label>\n' +
  '            <label><span data-i18n="reading">Reading size</span>\n' +
  '              <select id="reading-select">\n' +
  '                <option value="standard" data-i18n="readingStandard">Standard</option>\n' +
  '                <option value="large" data-i18n="readingLarge">Large / squint test</option>\n' +
  '              </select>\n' +
  '            </label>\n' +
  '            <label><span data-i18n="density">Density</span>\n' +
  '              <select id="density-select">\n' +
  '                <option value="comfortable" data-i18n="densityComfortable">Comfortable</option>\n' +
  '                <option value="compact" data-i18n="densityCompact">Compact</option>\n' +
  '              </select>\n' +
  '            </label>\n' +
  '            <label class="check-control"><input id="contrast-toggle" type="checkbox"> <span data-i18n="highContrast">High contrast</span></label>\n' +
  '            <button id="preferences-reset" type="button" data-i18n="reset">Reset view</button>\n' +
  '            <small data-i18n="interfaceNote">Menus and controls are hand-translated. Evidence prose and source titles stay in their recorded language; use your browser’s “Translate page” for those or any other language.</small>\n' +
  '          </div>\n' +
  '        </details>\n' +
  '        <button class="theme-toggle" id="theme-toggle" type="button" aria-label="Switch to dark theme">\n' +
  '          <span class="theme-icon" aria-hidden="true">◐</span><span class="theme-label">Dark</span>\n' +
  '        </button>\n' +
  '      </div>\n' +
  '    </div>\n' +
  '\n' +
  '    <div class="hero hero--civic shell-wide">\n' +
  '      <div class="hero-copy">\n' +
  '        <p class="eyebrow"><span id="hero-node-count">Admitted public actors</span><span class="eyebrow-rule" aria-hidden="true"></span><span id="hero-edge-count">Receipted surface hops</span></p>\n' +
  '        <h1>Ask how two public actors are connected.<br><em>Open every receipt.</em></h1>\n' +
  '        <p class="hero-dek">Enter two actors and an optional date. The compiler returns the shortest defensible actor → bounded surface → actor route, its evidence floor, and the connections it refused to make.</p>\n' +
  '\n' +
  '        <section class="search-card search-card--hero civic-search" aria-labelledby="search-label">\n' +
  '          <div class="search-label-row">\n' +
  '            <label id="search-label" for="search" data-i18n="searchLabel">Search person, organization, surface, or case</label>\n' +
  '            <span class="key-hint" aria-hidden="true" data-i18n="pressFocus">Press / to focus</span>\n' +
  '          </div>\n' +
  '          <div class="search-input-wrap">\n' +
  '            <span class="search-icon" aria-hidden="true">⌕</span>\n' +
  '            <input id="search" type="search" role="combobox" placeholder="Try a person, case, claim, receipt, or research track…" autocomplete="off" aria-controls="results" aria-autocomplete="list" aria-expanded="false" aria-describedby="search-help">\n' +
  '            <span class="search-shortcut" aria-hidden="true">/</span>\n' +
  '          </div>\n' +
  '          <p class="try-row" id="search-help"><span data-i18n="startWith">Start with:</span> <span id="try-examples"></span> <button id="browse-all" type="button" data-i18n="browseIndex">Browse index</button></p>\n' +
  '          <div id="results" class="results search-results" role="listbox" aria-label="Search results" aria-live="polite"></div>\n' +
  '        </section>\n' +
  '\n' +
  '        <div class="hero-actions">\n' +
  '          <a class="primary-action" href="#network-atlas">Open verified surface hops <span aria-hidden="true">→</span></a>\n' +
  '          <button class="text-action" id="hero-check" type="button"><span data-i18n="checkConnection">Check a connection</span> <span aria-hidden="true">→</span></button>\n' +
  '        </div>\n' +
  '        <p class="inference-boundary"><strong data-i18n="boundaryStrong">A timeline is not a causal verdict.</strong> <span data-i18n="boundaryText">The instrument distinguishes source-explicit causation from attribution, temporal association, and causation not established.</span></p>\n' +
  '      </div>\n' +
  '\n' +
  '      <aside class="hero-hotspots" aria-labelledby="hotspots-title">\n' +
  '        <p class="section-kicker">Admitted surface-hop anchors</p>\n' +
  '        <h2 id="hotspots-title">Start with a route the compiler can defend.</h2>\n' +
  '        <button class="hotspot-jump hotspot-jump--dialog" type="button" data-network-focus="matt-clifford"><strong>Matt Clifford</strong><span id="hotspot-clifford-count">Anchor actor</span></button>\n' +
  '        <button class="hotspot-jump" type="button" data-network-focus="keir-starmer"><strong>Keir Starmer</strong><span id="hotspot-starmer-count">Official policy route</span></button>\n' +
  '        <button class="hotspot-jump" type="button" data-network-focus="ben-warner"><strong>Ben Warner</strong><span id="hotspot-warner-count">Two-hop corporate route</span></button>\n' +
  '        <p class="hotspot-boundary"><strong>Hop ≠ allegation.</strong> Every line is a shared bounded surface. Roles, dates, receipts, and inference limits stay attached.</p>\n' +
  '        <div class="release-strip" id="release-strip">Loading the current public release…</div>\n' +
  '      </aside>\n' +
  '    </div>\n' +
  '  </header>\n' +
  '\n' +
  '  <main id="main-content" class="shell-wide">\n' +
  '    <section class="network-atlas" id="network-atlas" aria-labelledby="network-title">\n' +
  '      <div class="atlas-heading">\n' +
  '        <div>\n' +
  '          <p class="section-kicker">The public surface-hop t'... 10713 more characters

    at file:///home/runner/work/clifford-number/clifford-number/test/ui-contract.test.js:52:8
    at ModuleJob.run (node:internal/modules/esm/module_job:439:25)
    at async node:internal/modules/esm/loader:643:26
    at async asyncRunEntryPointWithESMLoader (node:internal/modules/run_main:101:5) {
  generatedMessage: true,
  code: 'ERR_ASSERTION',
  actual: '<!doctype html>\n' +
    '<html lang="en">\n' +
    '<head>\n' +
    '  <meta charset="utf-8">\n' +
    '  <meta name="viewport" content="width=device-width, initial-scale=1">\n' +
    '  <meta name="description" content="Check the shortest defensible actor-to-actor route through shared bounded surfaces, with receipts and refused connections.">\n' +
    '  <meta name="theme-color" content="#faf6ec">\n' +
    '  <meta property="og:type" content="website">\n' +
    '  <meta property="og:site_name" content="The Clifford Number">\n' +
    '  <meta property="og:title" content="The Clifford Number — shortest defensible actor routes, with receipts">\n' +
    '  <meta property="og:description" content="Ask how two public actors are connected as of a date, inspect every surface and receipt, and see the connections the compiler refused.">\n' +
    '  <meta property="og:url" content="https://bigbirdreturns.github.io/clifford-number/">\n' +
    '  <meta property="og:image" content="https://bigbirdreturns.github.io/clifford-number/assets/social-card.png">\n' +
    '  <meta property="og:image:type" content="image/png">\n' +
    '  <meta property="og:image:width" content="1200">\n' +
    '  <meta property="og:image:height" content="630">\n' +
    '  <meta property="og:image:alt" content="The Clifford Number — actor routes you can check. Inferences we won’t make.">\n' +
    '  <meta name="twitter:card" content="summary_large_image">\n' +
    '  <link rel="canonical" href="https://bigbirdreturns.github.io/clifford-number/">\n' +
    '  <link rel="icon" href="assets/favicon.svg" type="image/svg+xml">\n' +
    '  <title>The Clifford Number — shortest defensible actor routes</title>\n' +
    '  <script>\n' +
    '    (() => {\n' +
    '      try {\n' +
    '        const root = document.documentElement;\n' +
    "        const saved = localStorage.getItem('clifford-preferences');\n" +
    '        const prefs = saved ? JSON.parse(saved) : {};\n' +
    "        const legacyTheme = localStorage.getItem('theme');\n" +
    "        const choice = ['system', 'light', 'dark'].includes(prefs.theme) ? prefs.theme : (['light', 'dark'].includes(legacyTheme) ? legacyTheme : 'light');\n" +
    "        const actual = choice === 'system' ? (matchMedia('(prefers-color-scheme: dark)').matches ? 'dark' : 'light') : choice;\n" +
    '        root.dataset.theme = actual;\n' +
    '        root.dataset.themeChoice = choice;\n' +
    "        root.dataset.reading = prefs.reading === 'large' ? 'large' : 'standard';\n" +
    "        root.dataset.density = prefs.density === 'compact' ? 'compact' : 'comfortable';\n" +
    "        root.dataset.contrast = prefs.contrast === 'high' ? 'high' : 'standard';\n" +
    "        root.lang = ['en', 'es', 'fr'].includes(prefs.language) ? prefs.language : 'en';\n" +
    '      } catch {}\n' +
    '    })();\n' +
    '  </script>\n' +
    '  <link rel="preconnect" href="https://fonts.googleapis.com">\n' +
    '  <link rel="preconnect" href="https://fonts.gstatic.com" crossorigin>\n' +
    '  <link href="https://fonts.googleapis.com/css2?family=Atkinson+Hyperlegible:wght@400;700&family=Bitter:ital,wght@0,400;0,500;0,600;0,700;1,400&family=IBM+Plex+Mono:wght@400;500;600;700&display=swap" rel="stylesheet">\n' +
    '  <link rel="stylesheet" href="styles.css?v=20260718-atlas">\n' +
    '</head>\n' +
    '<body>\n' +
    '  <a class="skip-link" href="#main-content" data-i18n="skip">Skip to the explorer</a>\n' +
    '\n' +
    '  <header class="site-header">\n' +
    '    <div class="topbar shell-wide">\n' +
    '      <a class="brand" href="#" aria-label="The Clifford Number, home">\n' +
    '        <span class="brand-mark" aria-hidden="true">CN</span>\n' +
    '        <span class="brand-name">The Clifford Number</span>\n' +
    '      </a>\n' +
    '      <div class="topbar-actions">\n' +
    '        <span class="release-status"><span class="status-pulse" aria-hidden="true"></span><span data-i18n="status">Public research instrument</span></span>\n' +
    '        <a href="#research-tracks">Research</a>\n' +
    '        <a href="estates/">Estates</a>\n' +
    '        <a href="gametrails/">Game trails</a>\n' +
    '        <a href="#explorer">Explore</a>\n' +
    '        <a href="#desk">Check a connection</a>\n' +
    '        <a href="#method/overview" data-i18n="method">Method</a>\n' +
    '        <a href="#receipts/all">Evidence</a>\n' +
    '        <details class="preferences-menu" id="preferences-menu">\n' +
    '          <summary><span aria-hidden="true">Aa</span><span data-i18n="view">View</span></summary>\n' +
    '          <div class="preferences-panel" role="group" aria-labelledby="preferences-title">\n' +
    '            <strong id="preferences-title" data-i18n="preferences">Display &amp; language</strong>\n' +
    '            <label><span data-i18n="theme">Theme</span>\n' +
    '              <select id="theme-select">\n' +
    '                <option value="system" data-i18n="themeSystem">System</option>\n' +
    '                <option value="light" data-i18n="themeLight">Light</option>\n' +
    '                <option value="dark" data-i18n="themeDark">Dark</option>\n' +
    '              </select>\n' +
    '            </label>\n' +
    '            <label><span data-i18n="language">Language</span>\n' +
    '              <select id="language-select">\n' +
    '                <option value="en">English</option>\n' +
    '                <option value="es">Español</option>\n' +
    '                <option value="fr">Français</option>\n' +
    '              </select>\n' +
    '            </label>\n' +
    '            <label><span data-i18n="reading">Reading size</span>\n' +
    '              <select id="reading-select">\n' +
    '                <option value="standard" data-i18n="readingStandard">Standard</option>\n' +
    '                <option value="large" data-i18n="readingLarge">Large / squint test</option>\n' +
    '              </select>\n' +
    '            </label>\n' +
    '            <label><span data-i18n="density">Density</span>\n' +
    '              <select id="density-select">\n' +
    '                <option value="comfortable" data-i18n="densityComfortable">Comfortable</option>\n' +
    '                <option value="compact" data-i18n="densityCompact">Compact</option>\n' +
    '              </select>\n' +
    '            </label>\n' +
    '            <label class="check-control"><input id="contrast-toggle" type="checkbox"> <span data-i18n="highContrast">High contrast</span></label>\n' +
    '            <button id="preferences-reset" type="button" data-i18n="reset">Reset view</button>\n' +
    '            <small data-i18n="interfaceNote">Menus and controls are hand-translated. Evidence prose and source titles stay in their recorded language; use your browser’s “Translate page” for those or any other language.</small>\n' +
    '          </div>\n' +
    '        </details>\n' +
    '        <button class="theme-toggle" id="theme-toggle" type="button" aria-label="Switch to dark theme">\n' +
    '          <span class="theme-icon" aria-hidden="true">◐</span><span class="theme-label">Dark</span>\n' +
    '        </button>\n' +
    '      </div>\n' +
    '    </div>\n' +
    '\n' +
    '    <div class="hero hero--civic shell-wide">\n' +
    '      <div class="hero-copy">\n' +
    '        <p class="eyebrow"><span id="hero-node-count">Admitted public actors</span><span class="eyebrow-rule" aria-hidden="true"></span><span id="hero-edge-count">Receipted surface hops</span></p>\n' +
    '        <h1>Ask how two public actors are connected.<br><em>Open every receipt.</em></h1>\n' +
    '        <p class="hero-dek">Enter two actors and an optional date. The compiler returns the shortest defensible actor → bounded surface → actor route, its evidence floor, and the connections it refused to make.</p>\n' +
    '\n' +
    '        <section class="search-card search-card--hero civic-search" aria-labelledby="search-label">\n' +
    '          <div class="search-label-row">\n' +
    '            <label id="search-label" for="search" data-i18n="searchLabel">Search person, organization, surface, or case</label>\n' +
    '            <span class="key-hint" aria-hidden="true" data-i18n="pressFocus">Press / to focus</span>\n' +
    '          </div>\n' +
    '          <div class="search-input-wrap">\n' +
    '            <span class="search-icon" aria-hidden="true">⌕</span>\n' +
    '            <input id="search" type="search" role="combobox" placeholder="Try a person, case, claim, receipt, or research track…" autocomplete="off" aria-controls="results" aria-autocomplete="list" aria-expanded="false" aria-describedby="search-help">\n' +
    '            <span class="search-shortcut" aria-hidden="true">/</span>\n' +
    '          </div>\n' +
    '          <p class="try-row" id="search-help"><span data-i18n="startWith">Start with:</span> <span id="try-examples"></span> <button id="browse-all" type="button" data-i18n="browseIndex">Browse index</button></p>\n' +
    '          <div id="results" class="results search-results" role="listbox" aria-label="Search results" aria-live="polite"></div>\n' +
    '        </section>\n' +
    '\n' +
    '        <div class="hero-actions">\n' +
    '          <a class="primary-action" href="#network-atlas">Open verified surface hops <span aria-hidden="true">→</span></a>\n' +
    '          <button class="text-action" id="hero-check" type="button"><span data-i18n="checkConnection">Check a connection</span> <span aria-hidden="true">→</span></button>\n' +
    '        </div>\n' +
    '        <p class="inference-boundary"><strong data-i18n="boundaryStrong">A timeline is not a causal verdict.</strong> <span data-i18n="boundaryText">The instrument distinguishes source-explicit causation from attribution, temporal association, and causation not established.</span></p>\n' +
    '      </div>\n' +
    '\n' +
    '      <aside class="hero-hotspots" aria-labelledby="hotspots-title">\n' +
    '        <p class="section-kicker">Admitted surface-hop anchors</p>\n' +
    '        <h2 id="hotspots-title">Start with a route the compiler can defend.</h2>\n' +
    '        <button class="hotspot-jump hotspot-jump--dialog" type="button" data-network-focus="matt-clifford"><strong>Matt Clifford</strong><span id="hotspot-clifford-count">Anchor actor</span></button>\n' +
    '        <button class="hotspot-jump" type="button" data-network-focus="keir-starmer"><strong>Keir Starmer</strong><span id="hotspot-starmer-count">Official policy route</span></button>\n' +
    '        <button class="hotspot-jump" type="button" data-network-focus="ben-warner"><strong>Ben Warner</strong><span id="hotspot-warner-count">Two-hop corporate route</span></button>\n' +
    '        <p class="hotspot-boundary"><strong>Hop ≠ allegation.</strong> Every line is a shared bounded surface. Roles, dates, receipts, and inference limits stay attached.</p>\n' +
    '        <div class="release-strip" id="release-strip">Loading the current public release…</div>\n' +
    '      </aside>\n' +
    '    </div>\n' +
    '  </header>\n' +
    '\n' +
    '  <main id="main-content" class="shell-wide">\n' +
    '    <section class="network-atlas" id="network-atlas" aria-labelledby="network-title">\n' +
    '      <div class="atlas-heading">\n' +
    '        <div>\n' +
    '          <p class="section-kicker">The public surface-hop t'... 10713 more characters,
  expected: /The machine is already in the records/,
  operator: 'match',
  diff: 'simple'
}

Node.js v24.18.0
exit_status=1

===== Pages build =====
command: node tools/build-pages.mjs
build-pages: 4 files and 13 directories copied
exit_status=0

===== Standalone build =====
command: node tools/build-standalone.mjs
build-standalone: dist/Clifford-Number-standalone.html (3267611 bytes, 20 embedded records, 2 parsed scripts); dist/Clifford-Estate-Aperture-standalone.html (780215 bytes); dist/Clifford-Game-Trail-Aperture-standalone.html (1732008 bytes)
exit_status=0

===== Pages validation =====
command: node tools/validate-pages.mjs
validate-pages: OK (97 required artifacts)
exit_status=0

===== Complete release gate =====
command: npm run release:check

> clifford-number@0.2.0-surface-hop release:check
> npm run check


> clifford-number@0.2.0-surface-hop check
> npm run compile && npm run validate:security-state-organism && npm run build:status-sovereignty && npm run validate:status-sovereignty && npm run validate:core-thesis && npm run validate:estate-lens-audit && npm run validate:estate-closures && npm run validate:estate-frontier-surveys && npm run validate:estate-game-trails && npm run compile:denominator && npm run validate:denominator && npm run compile:case-packets && npm run validate:case-packets && npm run compile:thesis && npm run validate:thesis && npm run fanout && npm run validate:fanout && npm run validate:selection && npm run validate:consumption && npm run validate:officeholder && npm run validate:disclosures && npm run validate:fec-cohort && npm run validate:fec-payees && npm run validate:oge-interests && npm run validate:oge-fec-overlap && npm run validate:oge-fec-temporal-screen && npm run validate:resolution-frontier && npm run build:corridor && npm run validate:corridor && npm run build:routers && npm run validate:routers && npm run analyze:linkedin-crossings && npm run control:fa03 && npm run validate:gov-property && npm run validate:portfolio && npm run validate:release && npm run validate:ctt-wrap-up && npm run validate:cross-corpus-map && npm run validate:research-tracks && npm run validate:crawl && npm run build:k0 && npm run validate:k0 && npm run validate:poof-constitution && npm run build:poof-ecology && npm run validate:poof-ecology && npm run ci:stable-ground && npm test && npm run build:pages && npm run build:standalone && npm run validate:pages


> clifford-number@0.2.0-surface-hop compile
> node tools/compile.mjs

ingest-master: 718 rows classified from master doc.
review: 20 malformed/unparsed rows.
build-hop-graph: 23 surfaces, 27 actor-hop edges.
axm identity (provisional): 187 entities, 185 participates_in claims.
rejected hop surfaces: 17, rejected hop pairs (no temporal overlap): 0
score-deniability: 139 actors, 25 organizations, 1 chains scored.
scout-surfaces: 140 findings.
case anduril-access-ownership: 21 events, 24 claims, 22 receipts
case arcadia-field-autopsy: 42 events, 75 claims, 142 receipts
case field-autopsy-03: 13 events, 13 claims, 1 receipts
reporter briefings: 2 compiled, 0 approval-ready
public catalog: 10 tracks, 4 cases, 336 claims, 166 receipts (327377 bytes vs 2650102 eager bytes)
report frontier: 4 cases, 2 structured reports, 9 linked trails, waterline structured_report
report frontier page: reports/index.html (4 cases, 2 trail programs)
next ten estates: 10 estates, 25 sources, 239 raw records
estate expansion: 48 first-pass layers closed, 10 control estates, 554 logical second-cohort records
estates: 24 macro estates, 20 slices, 4 cases, 10 tracks
estate frontier surveys: 10 estates, 68 route uses, 0 promoted records
estate game trails: 35 legacy + 155 route + 94 custody + 24 estate summaries = 308
{
  "schema_version": "clifford-core-thesis-manifest@1",
  "as_of": "2026-07-29",
  "thesis_id": "strategic-ambiguity-conversion-and-control",
  "status": "working_thesis",
  "counts": {
    "phases": 5,
    "conversion_stages": 7,
    "intentionality_levels": 6,
    "archetypes": 10,
    "report_contracts": 9,
    "visualization_contracts": 7,
    "field_hypothesis_bridges": 2,
    "estates": 24
  },
  "waterline": {
    "current": "durable_core_thesis_and_estate_alignment",
    "next": "conversion_chain_ledgers_and_control_rights_atlas"
  },
  "paths": {
    "thesis": "data/project/core-thesis.json",
    "alignment": "data/project/estate-thesis-alignment.json",
    "public_data": "reports/core-thesis/data.json",
    "public_html": "reports/core-thesis/index.html"
  },
  "graph_effect": "none",
  "conclusion_generated": false,
  "fingerprint": "dad15f4f6dbb428a1a53"
}
estate-lens-audit: 690 known object memberships; 112 explicit; 436 unmapped; 142 unresolved
{
  "ok": true,
  "source_fingerprint": "060fa507d0daf850f770f1090f50840143a6a36ce30e03e688557ae21b2ab6a2",
  "counts": {
    "packages": 121,
    "package_classes": {
      "cross_estate_bridge": 18,
      "entity": 41,
      "estate": 24,
      "lineage_stage": 8,
      "organ": 15,
      "organism_test": 8,
      "theater": 7
    },
    "priorities": {
      "unranked": 24,
      "wave_1_bridge": 18,
      "wave_1_identity": 12,
      "wave_1_method": 38,
      "wave_1_operational": 17,
      "wave_2_context": 12
    },
    "routing_statuses": {
      "derived_from_explicit_registry": 39,
      "methodological_scope": 8,
      "source_explicit_candidate": 41,
      "title_explicit_candidate_targets": 18,
      "unresolved_target_selection": 15
    },
    "evidence_linked_packages": 33,
    "evidence_records": 17,
    "entities": 41,
    "entity_resolution_states": {
      "alias_unresolved": 2,
      "legal_entity_pending": 4,
      "resolved_person": 6,
      "resolved_program_or_brand": 5,
      "resolved_public_entity": 18,
      "umbrella_resolved_vehicle_pending": 6
    },
    "source_routes": 82,
    "source_route_states": {
      "candidate_first_party_locator": 10,
      "candidate_system_locator": 48,
      "source_bounded_locator": 10,
      "unresolved_locator": 14
    },
    "estates": 24,
    "organs": 15,
    "lineage_stages": 8,
    "organism_tests": 8,
    "theaters": 7,
    "issue_groups": 61,
    "estate_handoffs": 24
  }
}
estate fan-out: 14 estate lane(s), 143 bounded task(s), 87 source route(s)
estate closures: 14 estates, 143 tasks, 14 candidate handoffs
estate aperture: estates/index.html (14 estates, 143 tasks)
game-trail aperture: gametrails/index.html (308 trails, 24 estates)
compile: done

> clifford-number@0.2.0-surface-hop validate:security-state-organism
> node tools/validate-security-state-organism.mjs

{
  "ok": true,
  "source_fingerprint": "060fa507d0daf850f770f1090f50840143a6a36ce30e03e688557ae21b2ab6a2",
  "packages": 121,
  "evidence_records": 17,
  "routes": 82,
  "unresolved_locators": 14,
  "estates": 24,
  "issue_groups": 61,
  "estate_handoffs": 24
}

> clifford-number@0.2.0-surface-hop build:status-sovereignty
> node tools/build-status-sovereignty-wave-02-review.mjs && node tools/build-status-sovereignty-compact.mjs && node tools/build-status-sovereignty-wave-02-second-party-review.mjs

build-status-sovereignty-wave-02-review: 8/8 reviewed, 3 open acquisitions, publication blocked
build-status-sovereignty-compact: 4 gates, 10 dimensions, 16/16 lanes, 22 observations, 0 complete compact
build-status-sovereignty-wave-02-second-party-review: 8 packets, 8 candidates, 0 valid reviews

> clifford-number@0.2.0-surface-hop validate:status-sovereignty
> node tools/validate-status-sovereignty-wave-01.mjs && node tools/validate-status-sovereignty-wave-01-review.mjs && node tools/validate-status-sovereignty-wave-01-targeted-acquisition.mjs && node tools/validate-status-sovereignty-wave-01-second-party-review.mjs && node tools/validate-status-sovereignty-wave-02-intake.mjs && node tools/validate-status-sovereignty-wave-02-review.mjs && node tools/validate-status-sovereignty-compact.mjs && node tools/validate-status-sovereignty-wave-02-second-party-review.mjs

validate-status-sovereignty-wave-01: PASS
validate-status-sovereignty-wave-01-review: PASS
validate-status-sovereignty-wave-01-targeted-acquisition: PASS
validate-status-sovereignty-wave-01-second-party-review: PASS
validate-status-sovereignty-wave-02-intake: PASS
validate-status-sovereignty-wave-02-review: PASS
validate-status-sovereignty-compact: PASS
validate-status-sovereignty-wave-02-second-party-review: PASS (8 candidate-only, 2 screened ineligible, 0 invitations, 0 reviews)

> clifford-number@0.2.0-surface-hop validate:core-thesis
> node tools/validate-core-thesis.mjs

core thesis validation passed

> clifford-number@0.2.0-surface-hop validate:estate-lens-audit
> node tools/validate-estate-lens-audit.mjs

validate-estate-lens-audit: OK (690 objects; 436 unmapped; 142 unresolved)

> clifford-number@0.2.0-surface-hop validate:estate-closures
> node tools/validate-estate-closures.mjs

validate-estate-closures: OK (14 estates, 143 tasks, 87 route uses)

> clifford-number@0.2.0-surface-hop validate:estate-frontier-surveys
> node tools/validate-estate-frontier-surveys.mjs

validate-estate-frontier-surveys: OK (10 estates)

> clifford-number@0.2.0-surface-hop validate:estate-game-trails
> node tools/validate-estate-game-trails.mjs

validate-estate-game-trails: OK (308 trails across 24 estates; 840 legacy evaluations)

> clifford-number@0.2.0-surface-hop compile:denominator
> node tools/compile-vendor-denominator.mjs

compile-vendor-denominator: 14 recovery candidates, 0 frozen members, status blocked_not_frozen

> clifford-number@0.2.0-surface-hop validate:denominator
> node tools/validate-vendor-denominator.mjs

validate-vendor-denominator: OK (14 transcribed public recoveries, 15 issue-reported, 0 frozen denominator members, thesis evidence blocked)

> clifford-number@0.2.0-surface-hop compile:case-packets
> node tools/compile-thesis-case-packets.mjs

compile-thesis-case-packets: 2 cases, 13 observations, 11 receipts, 0 emitted thesis evidence packets

> clifford-number@0.2.0-surface-hop validate:case-packets
> node tools/validate-thesis-case-packets.mjs

validate-thesis-case-packets: OK (2 intake cases, 13 observations, 11 receipts, 0 promoted evidence packets)

> clifford-number@0.2.0-surface-hop compile:thesis
> node tools/compile-thesis.mjs

compile-thesis: synthetic-population-infrastructure (6 propositions, 0 evidence packets, status collecting_evidence)

> clifford-number@0.2.0-surface-hop validate:thesis
> node tools/validate-thesis.mjs

validate-thesis: OK (18 case contracts, 6 propositions, 0 evidence packets, no generated conclusion)

> clifford-number@0.2.0-surface-hop fanout
> node tools/build-research-fanout.mjs

research fan-out: 1297 item(s) across 121 batch(es)
  140 scout findings; 23 crawl candidates; 1026 held crawl observations
  1 official source coverage gaps
  24 public-interest source seeds
  17 field-autopsy trail searches
  66 formation-signature control searches

> clifford-number@0.2.0-surface-hop validate:fanout
> node tools/validate-research-fanout.mjs

validate-research-fanout: OK (1297 tasks, 121 batches)

> clifford-number@0.2.0-surface-hop validate:selection
> node tools/validate-corpus-selection.mjs

Corpus selection contract: OK

> clifford-number@0.2.0-surface-hop validate:consumption
> node tools/validate-consumption-contract.mjs

Consumption contract: OK

> clifford-number@0.2.0-surface-hop validate:officeholder
> node tools/validate-officeholder-cohort.mjs

Officeholder cohort contract: OK

> clifford-number@0.2.0-surface-hop validate:disclosures
> node tools/validate-disclosure-spine.mjs

Presidential disclosure source spine: OK

> clifford-number@0.2.0-surface-hop validate:fec-cohort
> node tools/validate-fec-oppexp-cohort.mjs

validate-fec-oppexp-cohort: OK (11 cycles, 588535 matched rows, beneficial 0, crossings 0)

> clifford-number@0.2.0-surface-hop validate:fec-payees
> node tools/validate-fec-payee-inventory.mjs

validate-fec-payee-inventory: OK (588535 records, 46926 unresolved candidates)

> clifford-number@0.2.0-surface-hop validate:oge-interests
> node tools/validate-oge-beneficial-interests.mjs

validate-oge-beneficial-interests: OK (26 documents, 5945 intake rows, 551 normalization rejections)

> clifford-number@0.2.0-surface-hop validate:oge-fec-overlap
> node tools/validate-oge-fec-overlap.mjs

validate-oge-fec-overlap: OK (1172 unresolved lexical candidates across 221 interests)

> clifford-number@0.2.0-surface-hop validate:oge-fec-temporal-screen
> node tools/validate-oge-fec-temporal-screen.mjs

validate-oge-fec-temporal-screen: OK (1172 screened; 0 eligible for identity review)

> clifford-number@0.2.0-surface-hop validate:resolution-frontier
> node tools/validate-resolution-frontier.mjs

validate-resolution-frontier: OK (398 embedded candidates; 6 registry nodes; 3 contemporaneous filer rows; 0 resolved entities; 0 crossings)

> clifford-number@0.2.0-surface-hop build:corridor
> node tools/build-austin-israel-corridor.mjs

corridor@2: CF 837x NatSec 196 -> 12 co-listings (4 corroborated); Pallas×NS 5; Silent×NS 2; Lane B 2 members; receipts 17 resolved/21 unresolved; CF<->Stratos: no edge observed

> clifford-number@0.2.0-surface-hop validate:corridor
> node tools/validate-austin-israel-corridor.mjs

validate-austin-israel-corridor: OK (overlaps ran, Lane B executed source-explicit, Pallas arms separated, CF<->Stratos = no-edge-observed, receipts audited/hashed, no name-inferred linkage)

> clifford-number@0.2.0-surface-hop build:routers
> node tools/build-person-routers.mjs

person-routers@3: denominator 100 decision-makers -> 17 admitted; frontier 2 terminal / 15 partial; roster coverage complete=2/partial=12/unavail=1; portfolio complete=1/partial=12/unavail=1; gov awards resolved=16/held=1/unavail=1

> clifford-number@0.2.0-surface-hop validate:routers
> node tools/validate-person-routers.mjs

validate-person-routers: OK (completion contract enforced; coverage states honest; partial != complete; awards cite USAspending receipts + identity-gated; counterpart provenance present)

> clifford-number@0.2.0-surface-hop analyze:linkedin-crossings
> node tools/analyze-linkedin-crossings.mjs

linkedin-crossing-analysis: 430 candidates -> 322 distinct transitions (1.34x); adjacency {"concurrent_dual_hat":45,"immediate_transition_le_3mo":142,"within_year_transition":6,"gap_transition_gt_12mo":214,"undated":23}; gate passed 0/430

> clifford-number@0.2.0-surface-hop control:fa03
> node tools/fa03-positive-control.mjs

fa03-positive-control: A held 5/5 [endpoint_not_resolved, no_independent_receipt, non_overlapping_intervals, predicate_not_in_registry]; B passed 2/5; discrimination=true

> clifford-number@0.2.0-surface-hop validate:gov-property
> node tools/validate-gov-property.mjs

validate-gov-property: OK (symmetric across 8, 0 identities, 0 crossings, source-scope honest)

> clifford-number@0.2.0-surface-hop validate:portfolio
> node tools/validate-portfolio-provenance.mjs

validate-portfolio-provenance: OK (5 curated corpora; FA-03 synthetic discrimination; 2 real source positives; cross-corpus identity held)

> clifford-number@0.2.0-surface-hop validate:release
> node tools/validate-release.mjs

validate-release: OK
  surfaces: 23
  hop edges: 27
  master rows classified: 718

> clifford-number@0.2.0-surface-hop validate:ctt-wrap-up
> node tools/validate-clifford-thiel-trump-wrap-up.mjs

validate-clifford-thiel-trump-wrap-up: OK (public-interest evidence infrastructure; all signal states visible; no machine-generated verdict)

> clifford-number@0.2.0-surface-hop validate:cross-corpus-map
> node tools/validate-clifford-cross-corpus-public-interest-map.mjs

validate-clifford-cross-corpus-public-interest-map: OK (all nine public-interest lanes visible; SAM gap and USAspending acquisitions distinct)

> clifford-number@0.2.0-surface-hop validate:research-tracks
> node tools/validate-research-tracks.mjs

validate-research-tracks: OK — 10 tracks (5 place / 3 router / 2 crossing), every harness carries scan + adapters + contract + retrieval-tiering + custody; promotion stays on the top rung; index reconciled.

> clifford-number@0.2.0-surface-hop validate:crawl
> node tools/validate-crawl.mjs

validate-crawl: OK (24 observations, 23 candidates, 1026 rejections)

> clifford-number@0.2.0-surface-hop build:k0
> node tools/build-k0-epistemic-admissibility.mjs

build-k0-epistemic-admissibility: 10 people, 13 seed events, 65 role-neutral records across 8 waves, 0 network edges

> clifford-number@0.2.0-surface-hop validate:k0
> node tools/validate-k0-epistemic-admissibility.mjs

build-k0-epistemic-admissibility: 10 people, 13 seed events, 65 role-neutral records across 8 waves, 0 network edges
validate-k0-epistemic-admissibility: OK

> clifford-number@0.2.0-surface-hop validate:poof-constitution
> node tools/validate-poof-constitutional-change.mjs

validate-poof-constitutional-change: OK (0 appended receipt(s), 0 protected path(s), merge_base)

> clifford-number@0.2.0-surface-hop build:poof-ecology
> node tools/build-poof-clifford-ecology.mjs

build-poof-clifford-ecology: 9 routes, 5 transaction objects, 2 report contracts

> clifford-number@0.2.0-surface-hop validate:poof-ecology
> node tools/validate-poof-clifford-ecology.mjs

validate-poof-clifford-ecology: OK

> clifford-number@0.2.0-surface-hop ci:stable-ground
> npm run build:stable-ground && npm run validate:stable-ground


> clifford-number@0.2.0-surface-hop build:stable-ground
> node tools/build-project-stable-ground-sg12.mjs

build-project-stable-ground-sg12: 12 checkpoints, 8 candidate-only, 0 invitations, 0 external reviews

> clifford-number@0.2.0-surface-hop validate:stable-ground
> node tools/validate-project-stable-ground-alignment.mjs && node test/project-stable-ground-alignment.test.js && node tools/validate-project-stable-ground-sg02.mjs && node test/project-stable-ground-sg02.test.js && node tools/validate-project-stable-ground-sg03.mjs && node test/project-stable-ground-sg03.test.js && node tools/validate-project-stable-ground-sg04.mjs && node test/project-stable-ground-sg04.test.js && node tools/validate-project-stable-ground-sg05.mjs && node test/project-stable-ground-sg05.test.js && node tools/validate-project-stable-ground-sg06.mjs && node test/project-stable-ground-sg06.test.js && node tools/validate-project-stable-ground-sg07.mjs && node test/project-stable-ground-sg07.test.js && node tools/validate-project-stable-ground-sg08.mjs && node test/project-stable-ground-sg08.test.js && node tools/validate-project-stable-ground-sg09.mjs && node test/project-stable-ground-sg09.test.js && node tools/validate-project-stable-ground-sg10.mjs && node test/project-stable-ground-sg10.test.js && node tools/validate-project-stable-ground-sg11.mjs && node test/project-stable-ground-sg11.test.js && node tools/validate-project-stable-ground-sg12.mjs && node test/project-stable-ground-sg12.test.js

validate-project-stable-ground-alignment: historical checkpoint PASS
project-stable-ground-alignment.test: 7 historical adversarial cases passed
validate-project-stable-ground-sg02: historical checkpoint PASS
project-stable-ground-sg02.test: 11 historical adversarial mutations PASS
validate-project-stable-ground-sg03: historical checkpoint PASS
project-stable-ground-sg03.test: 13 historical adversarial mutations PASS
validate-project-stable-ground-sg04: PASS
project-stable-ground-sg04.test: 19 historical adversarial mutations PASS
validate-project-stable-ground-sg05: PASS
project-stable-ground-sg05.test: 18 historical adversarial mutations PASS
validate-project-stable-ground-sg06: historical checkpoint PASS
project-stable-ground-sg06.test: 20 historical adversarial mutations PASS
validate-project-stable-ground-sg07: historical checkpoint PASS
project-stable-ground-sg07.test: 24 historical adversarial mutations PASS
validate-project-stable-ground-sg08: historical checkpoint PASS
project-stable-ground-sg08.test: 30 historical adversarial mutations PASS
validate-project-stable-ground-sg09: historical checkpoint PASS
project-stable-ground-sg09.test: 18 historical adversarial mutations PASS
validate-project-stable-ground-sg10: historical checkpoint PASS
project-stable-ground-sg10.test: 22 historical adversarial mutations PASS
validate-project-stable-ground-sg11: historical checkpoint PASS
project-stable-ground-sg11.test: 13 historical adversarial mutations PASS
validate-project-stable-ground-sg12: PASS
project-stable-ground-sg12.test: 40 adversarial mutations PASS

> clifford-number@0.2.0-surface-hop test
> node test/temporal.test.js && node test/axm-id.test.js && node test/axm-identity.test.js && node test/density.test.js && node test/hop-stints.test.js && node test/narrate-hops.test.js && node test/compiler.test.js && node test/case-ledger.test.js && node test/official-crawl.test.js && node test/receipt-archival.test.js && node test/linkedin-attention.test.js && node test/linkedin-attention-heatmap.test.js && node test/linkedin-profile-role-claims.test.js && node test/linkedin-role-crossings.test.js && node test/linkedin-targeted-review-projection.test.js && node test/public-interest-discovery.test.js && node test/research-fanout.test.js && node test/corpus-selection.test.js && node test/consumption-contract.test.js && node test/officeholder-cohort.test.js && node test/disclosure-spine.test.js && node test/fec-bulk-oppexp.test.js && node test/openfec-cohort.test.js && node test/openfec-schedule-b.test.js && node test/entity-resolution.test.js && node test/fec-oppexp-cohort.test.js && node test/fec-payee-inventory.test.js && node test/oge-locators.test.js && node test/oge-beneficial-interest.test.js && node test/oge-fec-overlap.test.js && node test/oge-fec-temporal-screen.test.js && node test/oge-date-recovery.test.js && node test/oge-fec-temporal-promotion-audit.test.js && node test/oge-visual-date-corrections.test.js && node test/oge-fec-embedded-name-intake.test.js && node test/sec-exact-overlap-intake.test.js && node test/ny-registry-entity-intake.test.js && node test/trump-2016-candidate-disclosure.test.js && node test/nara-locators.test.js && node test/gov-property.test.js && node test/fa03-positive-control.test.js && node test/icij-panama-import.test.js && node test/natsec100-award-control.test.js && node test/portfolio-provenance.test.js && node test/linkedin-crossing-analysis.test.js && node test/austin-israel-corridor.test.js && node test/person-routers.test.js && node test/jackson-moses-preservation.test.js && node test/person-router-mutations.test.js && node test/clifford-thiel-trump-wrap-up.test.js && node test/clifford-cross-corpus-public-interest-map.test.js && node test/field-autopsy.test.js && node test/ui-utils.test.js && node test/ui-contract.test.js && node test/public-catalog.test.js && node test/report-frontier.test.js && node test/chunk2-capital-factory.test.js && node test/research-tracks.test.js && node test/estate-closures.test.js && node test/estate-aperture.test.js && node test/estate-frontier-surveys.test.js && node test/estate-game-trails.test.js && node test/visual-aperture.test.js && node test/aperture-kit.test.js && node test/visual-aperture-state.test.js && node test/visual-aperture-workspace.test.js && node test/visual-aperture-export.test.js && node test/thesis-assembly.test.js && node test/vendor-denominator.test.js && node test/thesis-case-packet.test.js && node test/thesis-state-market-receipts.test.js && node test/visual-aperture-scale.test.js && node test/visual-aperture-windowing.test.js && node test/visual-aperture-bounded-contract.test.js && node test/core-thesis.test.js && node test/estate-lens-audit.test.js && node test/security-state-organism.test.js && node test/k0-epistemic-admissibility.test.js && node test/poof-constitutional-change.test.js && node test/poof-clifford-ecology.test.js && node test/status-sovereignty-wave-01.test.js && node test/status-sovereignty-wave-01-review.test.js && node test/status-sovereignty-compact.test.js && node test/status-sovereignty-wave-01-second-party-review.test.js && node test/project-stable-ground-sg09.test.js && node test/project-stable-ground-sg10.test.js && node test/status-sovereignty-wave-02-intake.test.js && node test/status-sovereignty-wave-02-review.test.js && node test/status-sovereignty-wave-02-second-party-review.test.js && node test/project-stable-ground-sg11.test.js && node test/project-stable-ground-sg12.test.js

temporal.test: OK
axm-id.test: OK
axm-identity.test: OK
density.test: OK
hop-stints.test: OK
narrate-hops.test: OK
compiler.test: OK
reporter briefings: 2 compiled, 0 approval-ready
reporter-briefing: OK
case-ledger.test.js: OK
official-crawl.test.js: OK
receipt-archival.test: OK
linkedin-attention.test.js: OK
linkedin-attention-heatmap.test.js: OK
linkedin-profile-role-claims.test.js: OK
linkedin-role-crossings.test.js: OK
linkedin-targeted-review-projection.test.js: OK
public-interest-discovery.test.js: OK (24 seeds)
research-fanout.test.js: OK
corpus-selection.test.js: OK
consumption-contract.test.js: OK
officeholder-cohort.test.js: OK
disclosure-spine.test.js: OK
fec-bulk-oppexp.test.js: OK
openfec-cohort.test.js: OK
openfec-schedule-b.test.js: OK
entity-resolution.test.js: OK
fec-oppexp-cohort.test.js: OK
fec-payee-inventory.test.js: OK
oge-locators.test.js: OK
oge-beneficial-interest.test.js: OK
oge-fec-overlap.test.js: OK
oge-fec-temporal-screen.test.js: OK
oge-date-recovery.test.js: OK
✔ decomposes the 1,040 unknown pairs into structural and OCR causes without pair-count inflation (0.988867ms)
✔ does not manufacture an annual ownership interval from a report date (0.823358ms)
✔ all 45 visually recoverable transaction pairs become non-overlapping under the current aggregate-range screen (0.184945ms)
✔ requires a source-addressed visual correction before using an OCR-damaged transaction date (0.40163ms)
✔ does not substitute an aggregate FEC payee range for an actual itemization receipt (0.191838ms)
✔ rejects impossible calendar dates rather than allowing Date.parse normalization (0.153857ms)
✔ requires same-legal-entity, holder-scope, and itemization-semantic gates before crossing review (1.116515ms)
✔ classifier rejects impossible calendar dates (0.370201ms)
✔ classifier does not use an aggregate payee date range as event-overlap proof (0.214631ms)
ℹ tests 9
ℹ suites 0
ℹ pass 9
ℹ fail 0
ℹ cancelled 0
ℹ skipped 0
ℹ todo 0
ℹ duration_ms 11.876677
oge-visual-date-corrections.test.js: OK
oge-fec-embedded-name-intake.test.js: OK
sec-exact-overlap-intake.test.js: OK
ny-registry-entity-intake.test.js: OK
trump-2016-candidate-disclosure.test.js: OK
nara-locators.test.js: OK
gov-property.test.js: OK
fa03-positive-control.test.js: OK
icij-panama-import.test.js: OK
natsec100-award-control.test.js: OK
portfolio-provenance.test.js: OK
linkedin-crossing-analysis.test.js: OK
austin-israel-corridor.test.js: OK
person-routers.test.js: OK
jackson-moses-preservation.test.js: OK
person-router-mutations.test.js: OK
clifford-thiel-trump-wrap-up.test.js: OK
clifford-cross-corpus-public-interest-map.test.js: OK
field-autopsy.test: OK
ui-utils.test.js: OK
node:internal/modules/run_main:107
    triggerUncaughtException(
    ^

AssertionError [ERR_ASSERTION]: The input did not match the regular expression /The machine is already in the records/. Input:

'<!doctype html>\n' +
  '<html lang="en">\n' +
  '<head>\n' +
  '  <meta charset="utf-8">\n' +
  '  <meta name="viewport" content="width=device-width, initial-scale=1">\n' +
  '  <meta name="description" content="Check the shortest defensible actor-to-actor route through shared bounded surfaces, with receipts and refused connections.">\n' +
  '  <meta name="theme-color" content="#faf6ec">\n' +
  '  <meta property="og:type" content="website">\n' +
  '  <meta property="og:site_name" content="The Clifford Number">\n' +
  '  <meta property="og:title" content="The Clifford Number — shortest defensible actor routes, with receipts">\n' +
  '  <meta property="og:description" content="Ask how two public actors are connected as of a date, inspect every surface and receipt, and see the connections the compiler refused.">\n' +
  '  <meta property="og:url" content="https://bigbirdreturns.github.io/clifford-number/">\n' +
  '  <meta property="og:image" content="https://bigbirdreturns.github.io/clifford-number/assets/social-card.png">\n' +
  '  <meta property="og:image:type" content="image/png">\n' +
  '  <meta property="og:image:width" content="1200">\n' +
  '  <meta property="og:image:height" content="630">\n' +
  '  <meta property="og:image:alt" content="The Clifford Number — actor routes you can check. Inferences we won’t make.">\n' +
  '  <meta name="twitter:card" content="summary_large_image">\n' +
  '  <link rel="canonical" href="https://bigbirdreturns.github.io/clifford-number/">\n' +
  '  <link rel="icon" href="assets/favicon.svg" type="image/svg+xml">\n' +
  '  <title>The Clifford Number — shortest defensible actor routes</title>\n' +
  '  <script>\n' +
  '    (() => {\n' +
  '      try {\n' +
  '        const root = document.documentElement;\n' +
  "        const saved = localStorage.getItem('clifford-preferences');\n" +
  '        const prefs = saved ? JSON.parse(saved) : {};\n' +
  "        const legacyTheme = localStorage.getItem('theme');\n" +
  "        const choice = ['system', 'light', 'dark'].includes(prefs.theme) ? prefs.theme : (['light', 'dark'].includes(legacyTheme) ? legacyTheme : 'light');\n" +
  "        const actual = choice === 'system' ? (matchMedia('(prefers-color-scheme: dark)').matches ? 'dark' : 'light') : choice;\n" +
  '        root.dataset.theme = actual;\n' +
  '        root.dataset.themeChoice = choice;\n' +
  "        root.dataset.reading = prefs.reading === 'large' ? 'large' : 'standard';\n" +
  "        root.dataset.density = prefs.density === 'compact' ? 'compact' : 'comfortable';\n" +
  "        root.dataset.contrast = prefs.contrast === 'high' ? 'high' : 'standard';\n" +
  "        root.lang = ['en', 'es', 'fr'].includes(prefs.language) ? prefs.language : 'en';\n" +
  '      } catch {}\n' +
  '    })();\n' +
  '  </script>\n' +
  '  <link rel="preconnect" href="https://fonts.googleapis.com">\n' +
  '  <link rel="preconnect" href="https://fonts.gstatic.com" crossorigin>\n' +
  '  <link href="https://fonts.googleapis.com/css2?family=Atkinson+Hyperlegible:wght@400;700&family=Bitter:ital,wght@0,400;0,500;0,600;0,700;1,400&family=IBM+Plex+Mono:wght@400;500;600;700&display=swap" rel="stylesheet">\n' +
  '  <link rel="stylesheet" href="styles.css?v=20260718-atlas">\n' +
  '</head>\n' +
  '<body>\n' +
  '  <a class="skip-link" href="#main-content" data-i18n="skip">Skip to the explorer</a>\n' +
  '\n' +
  '  <header class="site-header">\n' +
  '    <div class="topbar shell-wide">\n' +
  '      <a class="brand" href="#" aria-label="The Clifford Number, home">\n' +
  '        <span class="brand-mark" aria-hidden="true">CN</span>\n' +
  '        <span class="brand-name">The Clifford Number</span>\n' +
  '      </a>\n' +
  '      <div class="topbar-actions">\n' +
  '        <span class="release-status"><span class="status-pulse" aria-hidden="true"></span><span data-i18n="status">Public research instrument</span></span>\n' +
  '        <a href="#research-tracks">Research</a>\n' +
  '        <a href="estates/">Estates</a>\n' +
  '        <a href="gametrails/">Game trails</a>\n' +
  '        <a href="#explorer">Explore</a>\n' +
  '        <a href="#desk">Check a connection</a>\n' +
  '        <a href="#method/overview" data-i18n="method">Method</a>\n' +
  '        <a href="#receipts/all">Evidence</a>\n' +
  '        <details class="preferences-menu" id="preferences-menu">\n' +
  '          <summary><span aria-hidden="true">Aa</span><span data-i18n="view">View</span></summary>\n' +
  '          <div class="preferences-panel" role="group" aria-labelledby="preferences-title">\n' +
  '            <strong id="preferences-title" data-i18n="preferences">Display &amp; language</strong>\n' +
  '            <label><span data-i18n="theme">Theme</span>\n' +
  '              <select id="theme-select">\n' +
  '                <option value="system" data-i18n="themeSystem">System</option>\n' +
  '                <option value="light" data-i18n="themeLight">Light</option>\n' +
  '                <option value="dark" data-i18n="themeDark">Dark</option>\n' +
  '              </select>\n' +
  '            </label>\n' +
  '            <label><span data-i18n="language">Language</span>\n' +
  '              <select id="language-select">\n' +
  '                <option value="en">English</option>\n' +
  '                <option value="es">Español</option>\n' +
  '                <option value="fr">Français</option>\n' +
  '              </select>\n' +
  '            </label>\n' +
  '            <label><span data-i18n="reading">Reading size</span>\n' +
  '              <select id="reading-select">\n' +
  '                <option value="standard" data-i18n="readingStandard">Standard</option>\n' +
  '                <option value="large" data-i18n="readingLarge">Large / squint test</option>\n' +
  '              </select>\n' +
  '            </label>\n' +
  '            <label><span data-i18n="density">Density</span>\n' +
  '              <select id="density-select">\n' +
  '                <option value="comfortable" data-i18n="densityComfortable">Comfortable</option>\n' +
  '                <option value="compact" data-i18n="densityCompact">Compact</option>\n' +
  '              </select>\n' +
  '            </label>\n' +
  '            <label class="check-control"><input id="contrast-toggle" type="checkbox"> <span data-i18n="highContrast">High contrast</span></label>\n' +
  '            <button id="preferences-reset" type="button" data-i18n="reset">Reset view</button>\n' +
  '            <small data-i18n="interfaceNote">Menus and controls are hand-translated. Evidence prose and source titles stay in their recorded language; use your browser’s “Translate page” for those or any other language.</small>\n' +
  '          </div>\n' +
  '        </details>\n' +
  '        <button class="theme-toggle" id="theme-toggle" type="button" aria-label="Switch to dark theme">\n' +
  '          <span class="theme-icon" aria-hidden="true">◐</span><span class="theme-label">Dark</span>\n' +
  '        </button>\n' +
  '      </div>\n' +
  '    </div>\n' +
  '\n' +
  '    <div class="hero hero--civic shell-wide">\n' +
  '      <div class="hero-copy">\n' +
  '        <p class="eyebrow"><span id="hero-node-count">Admitted public actors</span><span class="eyebrow-rule" aria-hidden="true"></span><span id="hero-edge-count">Receipted surface hops</span></p>\n' +
  '        <h1>Ask how two public actors are connected.<br><em>Open every receipt.</em></h1>\n' +
  '        <p class="hero-dek">Enter two actors and an optional date. The compiler returns the shortest defensible actor → bounded surface → actor route, its evidence floor, and the connections it refused to make.</p>\n' +
  '\n' +
  '        <section class="search-card search-card--hero civic-search" aria-labelledby="search-label">\n' +
  '          <div class="search-label-row">\n' +
  '            <label id="search-label" for="search" data-i18n="searchLabel">Search person, organization, surface, or case</label>\n' +
  '            <span class="key-hint" aria-hidden="true" data-i18n="pressFocus">Press / to focus</span>\n' +
  '          </div>\n' +
  '          <div class="search-input-wrap">\n' +
  '            <span class="search-icon" aria-hidden="true">⌕</span>\n' +
  '            <input id="search" type="search" role="combobox" placeholder="Try a person, case, claim, receipt, or research track…" autocomplete="off" aria-controls="results" aria-autocomplete="list" aria-expanded="false" aria-describedby="search-help">\n' +
  '            <span class="search-shortcut" aria-hidden="true">/</span>\n' +
  '          </div>\n' +
  '          <p class="try-row" id="search-help"><span data-i18n="startWith">Start with:</span> <span id="try-examples"></span> <button id="browse-all" type="button" data-i18n="browseIndex">Browse index</button></p>\n' +
  '          <div id="results" class="results search-results" role="listbox" aria-label="Search results" aria-live="polite"></div>\n' +
  '        </section>\n' +
  '\n' +
  '        <div class="hero-actions">\n' +
  '          <a class="primary-action" href="#network-atlas">Open verified surface hops <span aria-hidden="true">→</span></a>\n' +
  '          <button class="text-action" id="hero-check" type="button"><span data-i18n="checkConnection">Check a connection</span> <span aria-hidden="true">→</span></button>\n' +
  '        </div>\n' +
  '        <p class="inference-boundary"><strong data-i18n="boundaryStrong">A timeline is not a causal verdict.</strong> <span data-i18n="boundaryText">The instrument distinguishes source-explicit causation from attribution, temporal association, and causation not established.</span></p>\n' +
  '      </div>\n' +
  '\n' +
  '      <aside class="hero-hotspots" aria-labelledby="hotspots-title">\n' +
  '        <p class="section-kicker">Admitted surface-hop anchors</p>\n' +
  '        <h2 id="hotspots-title">Start with a route the compiler can defend.</h2>\n' +
  '        <button class="hotspot-jump hotspot-jump--dialog" type="button" data-network-focus="matt-clifford"><strong>Matt Clifford</strong><span id="hotspot-clifford-count">Anchor actor</span></button>\n' +
  '        <button class="hotspot-jump" type="button" data-network-focus="keir-starmer"><strong>Keir Starmer</strong><span id="hotspot-starmer-count">Official policy route</span></button>\n' +
  '        <button class="hotspot-jump" type="button" data-network-focus="ben-warner"><strong>Ben Warner</strong><span id="hotspot-warner-count">Two-hop corporate route</span></button>\n' +
  '        <p class="hotspot-boundary"><strong>Hop ≠ allegation.</strong> Every line is a shared bounded surface. Roles, dates, receipts, and inference limits stay attached.</p>\n' +
  '        <div class="release-strip" id="release-strip">Loading the current public release…</div>\n' +
  '      </aside>\n' +
  '    </div>\n' +
  '  </header>\n' +
  '\n' +
  '  <main id="main-content" class="shell-wide">\n' +
  '    <section class="network-atlas" id="network-atlas" aria-labelledby="network-title">\n' +
  '      <div class="atlas-heading">\n' +
  '        <div>\n' +
  '          <p class="section-kicker">The public surface-hop t'... 10713 more characters

    at file:///home/runner/work/clifford-number/clifford-number/test/ui-contract.test.js:52:8
    at ModuleJob.run (node:internal/modules/esm/module_job:439:25)
    at async node:internal/modules/esm/loader:643:26
    at async asyncRunEntryPointWithESMLoader (node:internal/modules/run_main:101:5) {
  generatedMessage: true,
  code: 'ERR_ASSERTION',
  actual: '<!doctype html>\n' +
    '<html lang="en">\n' +
    '<head>\n' +
    '  <meta charset="utf-8">\n' +
    '  <meta name="viewport" content="width=device-width, initial-scale=1">\n' +
    '  <meta name="description" content="Check the shortest defensible actor-to-actor route through shared bounded surfaces, with receipts and refused connections.">\n' +
    '  <meta name="theme-color" content="#faf6ec">\n' +
    '  <meta property="og:type" content="website">\n' +
    '  <meta property="og:site_name" content="The Clifford Number">\n' +
    '  <meta property="og:title" content="The Clifford Number — shortest defensible actor routes, with receipts">\n' +
    '  <meta property="og:description" content="Ask how two public actors are connected as of a date, inspect every surface and receipt, and see the connections the compiler refused.">\n' +
    '  <meta property="og:url" content="https://bigbirdreturns.github.io/clifford-number/">\n' +
    '  <meta property="og:image" content="https://bigbirdreturns.github.io/clifford-number/assets/social-card.png">\n' +
    '  <meta property="og:image:type" content="image/png">\n' +
    '  <meta property="og:image:width" content="1200">\n' +
    '  <meta property="og:image:height" content="630">\n' +
    '  <meta property="og:image:alt" content="The Clifford Number — actor routes you can check. Inferences we won’t make.">\n' +
    '  <meta name="twitter:card" content="summary_large_image">\n' +
    '  <link rel="canonical" href="https://bigbirdreturns.github.io/clifford-number/">\n' +
    '  <link rel="icon" href="assets/favicon.svg" type="image/svg+xml">\n' +
    '  <title>The Clifford Number — shortest defensible actor routes</title>\n' +
    '  <script>\n' +
    '    (() => {\n' +
    '      try {\n' +
    '        const root = document.documentElement;\n' +
    "        const saved = localStorage.getItem('clifford-preferences');\n" +
    '        const prefs = saved ? JSON.parse(saved) : {};\n' +
    "        const legacyTheme = localStorage.getItem('theme');\n" +
    "        const choice = ['system', 'light', 'dark'].includes(prefs.theme) ? prefs.theme : (['light', 'dark'].includes(legacyTheme) ? legacyTheme : 'light');\n" +
    "        const actual = choice === 'system' ? (matchMedia('(prefers-color-scheme: dark)').matches ? 'dark' : 'light') : choice;\n" +
    '        root.dataset.theme = actual;\n' +
    '        root.dataset.themeChoice = choice;\n' +
    "        root.dataset.reading = prefs.reading === 'large' ? 'large' : 'standard';\n" +
    "        root.dataset.density = prefs.density === 'compact' ? 'compact' : 'comfortable';\n" +
    "        root.dataset.contrast = prefs.contrast === 'high' ? 'high' : 'standard';\n" +
    "        root.lang = ['en', 'es', 'fr'].includes(prefs.language) ? prefs.language : 'en';\n" +
    '      } catch {}\n' +
    '    })();\n' +
    '  </script>\n' +
    '  <link rel="preconnect" href="https://fonts.googleapis.com">\n' +
    '  <link rel="preconnect" href="https://fonts.gstatic.com" crossorigin>\n' +
    '  <link href="https://fonts.googleapis.com/css2?family=Atkinson+Hyperlegible:wght@400;700&family=Bitter:ital,wght@0,400;0,500;0,600;0,700;1,400&family=IBM+Plex+Mono:wght@400;500;600;700&display=swap" rel="stylesheet">\n' +
    '  <link rel="stylesheet" href="styles.css?v=20260718-atlas">\n' +
    '</head>\n' +
    '<body>\n' +
    '  <a class="skip-link" href="#main-content" data-i18n="skip">Skip to the explorer</a>\n' +
    '\n' +
    '  <header class="site-header">\n' +
    '    <div class="topbar shell-wide">\n' +
    '      <a class="brand" href="#" aria-label="The Clifford Number, home">\n' +
    '        <span class="brand-mark" aria-hidden="true">CN</span>\n' +
    '        <span class="brand-name">The Clifford Number</span>\n' +
    '      </a>\n' +
    '      <div class="topbar-actions">\n' +
    '        <span class="release-status"><span class="status-pulse" aria-hidden="true"></span><span data-i18n="status">Public research instrument</span></span>\n' +
    '        <a href="#research-tracks">Research</a>\n' +
    '        <a href="estates/">Estates</a>\n' +
    '        <a href="gametrails/">Game trails</a>\n' +
    '        <a href="#explorer">Explore</a>\n' +
    '        <a href="#desk">Check a connection</a>\n' +
    '        <a href="#method/overview" data-i18n="method">Method</a>\n' +
    '        <a href="#receipts/all">Evidence</a>\n' +
    '        <details class="preferences-menu" id="preferences-menu">\n' +
    '          <summary><span aria-hidden="true">Aa</span><span data-i18n="view">View</span></summary>\n' +
    '          <div class="preferences-panel" role="group" aria-labelledby="preferences-title">\n' +
    '            <strong id="preferences-title" data-i18n="preferences">Display &amp; language</strong>\n' +
    '            <label><span data-i18n="theme">Theme</span>\n' +
    '              <select id="theme-select">\n' +
    '                <option value="system" data-i18n="themeSystem">System</option>\n' +
    '                <option value="light" data-i18n="themeLight">Light</option>\n' +
    '                <option value="dark" data-i18n="themeDark">Dark</option>\n' +
    '              </select>\n' +
    '            </label>\n' +
    '            <label><span data-i18n="language">Language</span>\n' +
    '              <select id="language-select">\n' +
    '                <option value="en">English</option>\n' +
    '                <option value="es">Español</option>\n' +
    '                <option value="fr">Français</option>\n' +
    '              </select>\n' +
    '            </label>\n' +
    '            <label><span data-i18n="reading">Reading size</span>\n' +
    '              <select id="reading-select">\n' +
    '                <option value="standard" data-i18n="readingStandard">Standard</option>\n' +
    '                <option value="large" data-i18n="readingLarge">Large / squint test</option>\n' +
    '              </select>\n' +
    '            </label>\n' +
    '            <label><span data-i18n="density">Density</span>\n' +
    '              <select id="density-select">\n' +
    '                <option value="comfortable" data-i18n="densityComfortable">Comfortable</option>\n' +
    '                <option value="compact" data-i18n="densityCompact">Compact</option>\n' +
    '              </select>\n' +
    '            </label>\n' +
    '            <label class="check-control"><input id="contrast-toggle" type="checkbox"> <span data-i18n="highContrast">High contrast</span></label>\n' +
    '            <button id="preferences-reset" type="button" data-i18n="reset">Reset view</button>\n' +
    '            <small data-i18n="interfaceNote">Menus and controls are hand-translated. Evidence prose and source titles stay in their recorded language; use your browser’s “Translate page” for those or any other language.</small>\n' +
    '          </div>\n' +
    '        </details>\n' +
    '        <button class="theme-toggle" id="theme-toggle" type="button" aria-label="Switch to dark theme">\n' +
    '          <span class="theme-icon" aria-hidden="true">◐</span><span class="theme-label">Dark</span>\n' +
    '        </button>\n' +
    '      </div>\n' +
    '    </div>\n' +
    '\n' +
    '    <div class="hero hero--civic shell-wide">\n' +
    '      <div class="hero-copy">\n' +
    '        <p class="eyebrow"><span id="hero-node-count">Admitted public actors</span><span class="eyebrow-rule" aria-hidden="true"></span><span id="hero-edge-count">Receipted surface hops</span></p>\n' +
    '        <h1>Ask how two public actors are connected.<br><em>Open every receipt.</em></h1>\n' +
    '        <p class="hero-dek">Enter two actors and an optional date. The compiler returns the shortest defensible actor → bounded surface → actor route, its evidence floor, and the connections it refused to make.</p>\n' +
    '\n' +
    '        <section class="search-card search-card--hero civic-search" aria-labelledby="search-label">\n' +
    '          <div class="search-label-row">\n' +
    '            <label id="search-label" for="search" data-i18n="searchLabel">Search person, organization, surface, or case</label>\n' +
    '            <span class="key-hint" aria-hidden="true" data-i18n="pressFocus">Press / to focus</span>\n' +
    '          </div>\n' +
    '          <div class="search-input-wrap">\n' +
    '            <span class="search-icon" aria-hidden="true">⌕</span>\n' +
    '            <input id="search" type="search" role="combobox" placeholder="Try a person, case, claim, receipt, or research track…" autocomplete="off" aria-controls="results" aria-autocomplete="list" aria-expanded="false" aria-describedby="search-help">\n' +
    '            <span class="search-shortcut" aria-hidden="true">/</span>\n' +
    '          </div>\n' +
    '          <p class="try-row" id="search-help"><span data-i18n="startWith">Start with:</span> <span id="try-examples"></span> <button id="browse-all" type="button" data-i18n="browseIndex">Browse index</button></p>\n' +
    '          <div id="results" class="results search-results" role="listbox" aria-label="Search results" aria-live="polite"></div>\n' +
    '        </section>\n' +
    '\n' +
    '        <div class="hero-actions">\n' +
    '          <a class="primary-action" href="#network-atlas">Open verified surface hops <span aria-hidden="true">→</span></a>\n' +
    '          <button class="text-action" id="hero-check" type="button"><span data-i18n="checkConnection">Check a connection</span> <span aria-hidden="true">→</span></button>\n' +
    '        </div>\n' +
    '        <p class="inference-boundary"><strong data-i18n="boundaryStrong">A timeline is not a causal verdict.</strong> <span data-i18n="boundaryText">The instrument distinguishes source-explicit causation from attribution, temporal association, and causation not established.</span></p>\n' +
    '      </div>\n' +
    '\n' +
    '      <aside class="hero-hotspots" aria-labelledby="hotspots-title">\n' +
    '        <p class="section-kicker">Admitted surface-hop anchors</p>\n' +
    '        <h2 id="hotspots-title">Start with a route the compiler can defend.</h2>\n' +
    '        <button class="hotspot-jump hotspot-jump--dialog" type="button" data-network-focus="matt-clifford"><strong>Matt Clifford</strong><span id="hotspot-clifford-count">Anchor actor</span></button>\n' +
    '        <button class="hotspot-jump" type="button" data-network-focus="keir-starmer"><strong>Keir Starmer</strong><span id="hotspot-starmer-count">Official policy route</span></button>\n' +
    '        <button class="hotspot-jump" type="button" data-network-focus="ben-warner"><strong>Ben Warner</strong><span id="hotspot-warner-count">Two-hop corporate route</span></button>\n' +
    '        <p class="hotspot-boundary"><strong>Hop ≠ allegation.</strong> Every line is a shared bounded surface. Roles, dates, receipts, and inference limits stay attached.</p>\n' +
    '        <div class="release-strip" id="release-strip">Loading the current public release…</div>\n' +
    '      </aside>\n' +
    '    </div>\n' +
    '  </header>\n' +
    '\n' +
    '  <main id="main-content" class="shell-wide">\n' +
    '    <section class="network-atlas" id="network-atlas" aria-labelledby="network-title">\n' +
    '      <div class="atlas-heading">\n' +
    '        <div>\n' +
    '          <p class="section-kicker">The public surface-hop t'... 10713 more characters,
  expected: /The machine is already in the records/,
  operator: 'match',
  diff: 'simple'
}

Node.js v24.18.0
exit_status=1
